[    5429ms] [INFO] %cDownload the React DevTools for a better development experience: https://react.dev/link/react-devtools font-weight:bold @ http://localhost:3000/_next/static/chunks/0prs_next_dist_05bghtc._.js:2477
[    5605ms] [LOG] [HMR] connected @ http://localhost:3000/_next/static/chunks/0prs_next_dist_05bghtc._.js:2477
[    5746ms] [ERROR] Encountered a script tag while rendering React component. Scripts inside React components are never executed when rendering on the client. Consider using template tag instead (https://developer.mozilla.org/en-US/docs/Web/HTML/Element/template). @ http://localhost:3000/_next/static/chunks/0prs_next_dist_05bghtc._.js:3318
[    5806ms] Error: Hydration failed because the server rendered text didn't match the client. As a result this tree will be regenerated on the client. This can happen if a SSR-ed Client Component used:

- A server/client branch `if (typeof window !== 'undefined')`.
- Variable input such as `Date.now()` or `Math.random()` which changes each time it's called.
- Date formatting in a user's locale which doesn't match the server.
- External changing data without sending a snapshot of it along with the HTML.
- Invalid HTML tag nesting.

It can also happen if the client has a browser extension installed which messes with the HTML before React loaded.

https://react.dev/link/hydration-mismatch

  ...
    <HTTPAccessFallbackBoundary notFound={undefined} forbidden={undefined} unauthorized={undefined}>
      <RedirectBoundary>
        <RedirectErrorBoundary router={{...}}>
          <InnerLayoutRouter url="/siemprene..." tree={[...]} params={{slug:"siem...", ...}} cacheNode={{rsc:{...}, ...}} ...>
            <SegmentViewNode type="page" pagePath="[slug]/adm...">
              <SegmentTrieNode>
              <WorkspaceAdminTaskDetailPage>
                <TasksRouteShell>
                  <div className="bg-backgro...">
                    <section>
                    <section className="min-w-0 fl...">
                      <div>
                      <TaskDetailPane task={{id:"9acbad...", ...}} members={[...]} capabilities={{...}} comments={[...]} ...>
                        <div className="flex h-ful...">
                          <header className="flex flex-...">
                            <div className="flex min-w...">
                              <UserAvatar>
                              <div className="min-w-0 sp...">
                                <h2>
                                <div>
                                <div className="text-muted...">
+                                 18 de mayo de 2026 a las 18:51
-                                 18 de mayo de 2026, 18:51
                            ...
                          ...
            ...
          ...

    at throwOnHydrationMismatch (http://localhost:3000/_next/static/chunks/0prs_next_dist_compiled_react-dom_07oxpug._.js:3318:56)
    at completeWork (http://localhost:3000/_next/static/chunks/0prs_next_dist_compiled_react-dom_07oxpug._.js:7021:36)
    at runWithFiberInDEV (http://localhost:3000/_next/static/chunks/0prs_next_dist_compiled_react-dom_07oxpug._.js:965:74)
    at completeUnitOfWork (http://localhost:3000/_next/static/chunks/0prs_next_dist_compiled_react-dom_07oxpug._.js:9622:23)
    at performUnitOfWork (http://localhost:3000/_next/static/chunks/0prs_next_dist_compiled_react-dom_07oxpug._.js:9557:28)
    at workLoopConcurrentByScheduler (http://localhost:3000/_next/static/chunks/0prs_next_dist_compiled_react-dom_07oxpug._.js:9551:58)
    at renderRootConcurrent (http://localhost:3000/_next/static/chunks/0prs_next_dist_compiled_react-dom_07oxpug._.js:9534:71)
    at performWorkOnRoot (http://localhost:3000/_next/static/chunks/0prs_next_dist_compiled_react-dom_07oxpug._.js:9061:150)
    at performWorkOnRootViaSchedulerTask (http://localhost:3000/_next/static/chunks/0prs_next_dist_compiled_react-dom_07oxpug._.js:10255:9)
    at MessagePort.performWorkUntilDeadline (http://localhost:3000/_next/static/chunks/0prs_next_dist_compiled_0znd83c._.js:2647:64)
[    8874ms] [WARNING] The resource http://localhost:3000/_next/static/media/83afe278b6a6bb3c-s.p.0q-301v4kxxnr.woff2 was preloaded using link preload but not used within a few seconds from the window's load event. Please make sure it has an appropriate `as` value and it is preloaded intentionally. @ http://localhost:3000/siemprenet/admin/tasks/9acbad24-794b-4359-ac00-d94c138779dd:0
[   54740ms] [WARNING] The resource http://localhost:3000/_next/static/media/83afe278b6a6bb3c-s.p.0q-301v4kxxnr.woff2 was preloaded using link preload but not used within a few seconds from the window's load event. Please make sure it has an appropriate `as` value and it is preloaded intentionally. @ http://localhost:3000/siemprenet/admin/tasks/9acbad24-794b-4359-ac00-d94c138779dd:0
[   85387ms] [WARNING] The resource http://localhost:3000/_next/static/media/83afe278b6a6bb3c-s.p.0q-301v4kxxnr.woff2 was preloaded using link preload but not used within a few seconds from the window's load event. Please make sure it has an appropriate `as` value and it is preloaded intentionally. @ http://localhost:3000/siemprenet/admin/tasks/9acbad24-794b-4359-ac00-d94c138779dd:0
[  105991ms] [WARNING] The resource http://localhost:3000/_next/static/media/83afe278b6a6bb3c-s.p.0q-301v4kxxnr.woff2 was preloaded using link preload but not used within a few seconds from the window's load event. Please make sure it has an appropriate `as` value and it is preloaded intentionally. @ http://localhost:3000/siemprenet/admin/tasks/9acbad24-794b-4359-ac00-d94c138779dd:0
